Name: CCTV-10, URL: https://cdn4.skygo.mn/live/disk1/CCTV-10/HLSv3-FTA/CCTV-10.m3u8, IPv_Type: ipv4, Location: 蒙古, ISP: , Date: None, Delay: 3040 ms, Speed: 0.54 M/s, Resolution: None
Name: CCTV-17, URL: https://live.264788.xyz/channel/cctv17?streamid=f9c36f1e95b5b35eac89cc89583e7c0a&livekey=01WgOR41rriMmMkzNsd0UoaxJRwetZdxIvtVk, IPv_Type: ipv4, Location: 美国, ISP: CloudFlare节点, Date: None, Delay: 41 ms, Speed: 94.51 M/s, Resolution: 1920x1080
Name: CCTV-17, URL: https://live.264788.xyz/channel/cctv17?streamid=348c8c0c04a6d2b900e5a3bcb4af8ce1&livekey=01WgOR41rriMmMkzNsd0UoaxJRwetZdxIvtVk, IPv_Type: ipv4, Location: 美国, ISP: CloudFlare节点, Date: None, Delay: 52 ms, Speed: 68.50 M/s, Resolution: 1920x1080
Name: 文化精品, URL: https://live.264788.xyz/channel/yangshiwenhuajingpin?streamid=bc185d1ef1e528922e83efd845006277&livekey=01WgOR41rriMmMkzNsd0UoaxJRwetZdxIvtVk, IPv_Type: ipv4, Location: 美国, ISP: CloudFlare节点, Date: None, Delay: 43 ms, Speed: 67.03 M/s, Resolution: 1920x1080
Name: 风云音乐, URL: https://live.264788.xyz/channel/fengyunyinyue?streamid=be37d16b874e7ba11dd383d7ecd75752&livekey=01WgOR41rriMmMkzNsd0UoaxJRwetZdxIvtVk, IPv_Type: ipv4, Location: 美国, ISP: CloudFlare节点, Date: None, Delay: 55 ms, Speed: 88.21 M/s, Resolution: 1920x1080
Name: 风云音乐, URL: https://live.264788.xyz/channel/fengyunyinyue?streamid=1b41fb9153cba3ee19bd5d1b323da27e&livekey=01WgOR41rriMmMkzNsd0UoaxJRwetZdxIvtVk, IPv_Type: ipv4, Location: 美国, ISP: CloudFlare节点, Date: None, Delay: 50 ms, Speed: 87.49 M/s, Resolution: 1920x1080
Name: 第一剧场, URL: https://live.264788.xyz/channel/diyijuchang?streamid=e9b0fb1ca135a4aeae12944494883794&livekey=01WgOR41rriMmMkzNsd0UoaxJRwetZdxIvtVk, IPv_Type: ipv4, Location: 美国, ISP: CloudFlare节点, Date: None, Delay: 51 ms, Speed: 109.75 M/s, Resolution: 1920x1080
Name: 第一剧场, URL: https://live.264788.xyz/channel/diyijuchang?streamid=d81e188b59ece96b7e8f1ce34aea3ef8&livekey=01WgOR41rriMmMkzNsd0UoaxJRwetZdxIvtVk, IPv_Type: ipv4, Location: 美国, ISP: CloudFlare节点, Date: None, Delay: 44 ms, Speed: 87.44 M/s, Resolution: 1920x1080
Name: 风云剧场, URL: https://live.264788.xyz/channel/fengyunjuchang?streamid=31e7b5b7032d25dd215a4069cdee1a48&livekey=01WgOR41rriMmMkzNsd0UoaxJRwetZdxIvtVk, IPv_Type: ipv4, Location: 美国, ISP: CloudFlare节点, Date: None, Delay: 57 ms, Speed: 95.60 M/s, Resolution: 1920x1080
Name: 怀旧剧场, URL: https://live.264788.xyz/channel/huaijiujuchang?streamid=7e5d1abdddde08f588234f3f640f75ff&livekey=01WgOR41rriMmMkzNsd0UoaxJRwetZdxIvtVk, IPv_Type: ipv4, Location: 美国, ISP: CloudFlare节点, Date: None, Delay: 42 ms, Speed: 127.92 M/s, Resolution: 1920x1080
Name: 女性时尚, URL: http://38.75.136.137:98/gslb/dsdqpub/nxss.m3u8?auth=testpub, IPv_Type: ipv4, Location: 美国-哥伦比亚特区-哥伦比亚特区, ISP: Cogent, Date: None, Delay: 509 ms, Speed: 8.51 M/s, Resolution: 1920x1080
Name: 高尔夫网球, URL: http://38.75.136.137:98/gslb/dsdqpub/gefwq.m3u8?auth=testpub, IPv_Type: ipv4, Location: 美国-哥伦比亚特区-哥伦比亚特区, ISP: Cogent, Date: None, Delay: 7345 ms, Speed: 0.57 M/s, Resolution: 1920x1080
Name: 电视指南, URL: http://38.75.136.137:98/gslb/dsdqpub/dszn.m3u8?auth=testpub, IPv_Type: ipv4, Location: 美国-哥伦比亚特区-哥伦比亚特区, ISP: Cogent, Date: None, Delay: 358 ms, Speed: 2.67 M/s, Resolution: 1920x1080
Name: 兵器科技, URL: https://live.264788.xyz/channel/bingqikeji?streamid=6fc55a0966bdad1e1cdf39a4d37dd776&livekey=01WgOR41rriMmMkzNsd0UoaxJRwetZdxIvtVk, IPv_Type: ipv4, Location: 美国, ISP: CloudFlare节点, Date: None, Delay: 43 ms, Speed: 122.84 M/s, Resolution: 1920x1080
Name: 兵器科技, URL: https://live.264788.xyz/channel/bingqikeji?streamid=530cb4e58bbc48b7fc26f5e0a2e47966&livekey=01WgOR41rriMmMkzNsd0UoaxJRwetZdxIvtVk, IPv_Type: ipv4, Location: 美国, ISP: CloudFlare节点, Date: None, Delay: 45 ms, Speed: 108.25 M/s, Resolution: 1920x1080
Name: 兵器科技, URL: http://38.75.136.137:98/gslb/dsdqpub/gfjs.m3u8?auth=testpub, IPv_Type: ipv4, Location: 美国-哥伦比亚特区-哥伦比亚特区, ISP: Cogent, Date: None, Delay: 495 ms, Speed: 7.37 M/s, Resolution: 1920x1080
Name: 湖南卫视, URL: http://satellitepull.cnr.cn/live/wx32hunws/playlist.m3u8, IPv_Type: ipv4, Location: 美国-伊利诺伊州-库克, ISP: 网宿CDN节点, Date: None, Delay: 19 ms, Speed: 5.28 M/s, Resolution: None
Name: 北京卫视, URL: http://satellitepull.cnr.cn/live/wxbtv/playlist.m3u8, IPv_Type: ipv4, Location: 美国-德克萨斯州-达拉斯, ISP: 网宿科技CDN节点, Date: None, Delay: 18 ms, Speed: 5.47 M/s, Resolution: None
Name: 东南卫视, URL: http://satellitepull.cnr.cn/live/wx32fjws/playlist.m3u8, IPv_Type: ipv4, Location: 美国-德克萨斯州-达拉斯, ISP: 网宿科技CDN节点, Date: None, Delay: 18 ms, Speed: 5.44 M/s, Resolution: None
Name: 贵州卫视, URL: https://live.264788.xyz/channel/guizhouweishi?streamid=091bd59ea031989839c23459bb8cc9d4&livekey=01WgOR41rriMmMkzNsd0UoaxJRwetZdxIvtVk, IPv_Type: ipv4, Location: 美国, ISP: CloudFlare节点, Date: None, Delay: 99 ms, Speed: 56.98 M/s, Resolution: 1920x1080
Name: 河南卫视, URL: http://satellitepull.cnr.cn/live/wxhnws/playlist.m3u8, IPv_Type: ipv4, Location: 美国-德克萨斯州-达拉斯, ISP: 网宿科技CDN节点, Date: None, Delay: 17 ms, Speed: 5.76 M/s, Resolution: None
Name: 吉林卫视, URL: http://satellitepull.cnr.cn/live/wxjlws/playlist.m3u8, IPv_Type: ipv4, Location: 美国-德克萨斯州-达拉斯, ISP: 网宿科技CDN节点, Date: None, Delay: 18 ms, Speed: 5.58 M/s, Resolution: None
Name: 江西卫视, URL: https://live.264788.xyz/channel/jiangxiweishi?streamid=555198f31caa33506ac6abb70d788959&livekey=01WgOR41rriMmMkzNsd0UoaxJRwetZdxIvtVk, IPv_Type: ipv4, Location: 美国, ISP: CloudFlare节点, Date: None, Delay: 43 ms, Speed: 124.26 M/s, Resolution: 1920x1080
Name: 内蒙古卫视, URL: https://live.264788.xyz/channel/neimengguweishi?streamid=3e7340acf8869ac1c7dad1bb836dcd35&livekey=01WgOR41rriMmMkzNsd0UoaxJRwetZdxIvtVk, IPv_Type: ipv4, Location: 美国, ISP: CloudFlare节点, Date: None, Delay: 45 ms, Speed: 121.58 M/s, Resolution: 1920x1080
Name: 内蒙古卫视, URL: https://live.264788.xyz/channel/neimengguweishi?streamid=81a015dbecf3031d7d847b7a9b059f67&livekey=01WgOR41rriMmMkzNsd0UoaxJRwetZdxIvtVk, IPv_Type: ipv4, Location: 美国, ISP: CloudFlare节点, Date: None, Delay: 44 ms, Speed: 120.58 M/s, Resolution: 1920x1080
Name: 内蒙古卫视, URL: http://play1-qk.nmtv.cn/live/1769652018126032.m3u8, IPv_Type: ipv4, Location: 中国-河南-郑州, ISP: 联通, Date: None, Delay: 2309 ms, Speed: 0.91 M/s, Resolution: 1920x1080
Name: 宁夏卫视, URL: https://live.264788.xyz/channel/ningxiaweishi?streamid=e1236348f815c36a0429357e5b5c5f10&livekey=01WgOR41rriMmMkzNsd0UoaxJRwetZdxIvtVk, IPv_Type: ipv4, Location: 美国, ISP: CloudFlare节点, Date: None, Delay: 53 ms, Speed: 102.34 M/s, Resolution: 1920x1080
Name: 宁夏卫视, URL: https://live.264788.xyz/channel/ningxiaweishi?streamid=1b2952717a920173e66d4a348f9dcb5c&livekey=01WgOR41rriMmMkzNsd0UoaxJRwetZdxIvtVk, IPv_Type: ipv4, Location: 美国, ISP: CloudFlare节点, Date: None, Delay: 66 ms, Speed: 85.98 M/s, Resolution: 1920x1080
Name: 山东卫视, URL: http://satellitepull.cnr.cn/live/wxsdws/playlist.m3u8, IPv_Type: ipv4, Location: 美国-德克萨斯州-达拉斯, ISP: 网宿科技CDN节点, Date: None, Delay: 19 ms, Speed: 4.96 M/s, Resolution: None
Name: 山西卫视, URL: https://live.264788.xyz/channel/shanxiweishi?streamid=eeb7d60ca6e0db131ea7a092a3cd28d2&livekey=01WgOR41rriMmMkzNsd0UoaxJRwetZdxIvtVk, IPv_Type: ipv4, Location: 美国, ISP: CloudFlare节点, Date: None, Delay: 44 ms, Speed: 121.01 M/s, Resolution: 1920x1080
Name: 山西卫视, URL: https://live.264788.xyz/channel/shanxiweishi?streamid=69e002ac7467d661ff7ad0671ed43f16&livekey=01WgOR41rriMmMkzNsd0UoaxJRwetZdxIvtVk, IPv_Type: ipv4, Location: 美国, ISP: CloudFlare节点, Date: None, Delay: 47 ms, Speed: 114.71 M/s, Resolution: 1920x1080
Name: 陕西卫视, URL: https://live.264788.xyz/channel/shaanxiweishi?streamid=9dc887dba8ecb4e4143baf4f2373800c&livekey=01WgOR41rriMmMkzNsd0UoaxJRwetZdxIvtVk, IPv_Type: ipv4, Location: 美国, ISP: CloudFlare节点, Date: None, Delay: 51 ms, Speed: 98.05 M/s, Resolution: 1920x1080
Name: 四川卫视, URL: https://live.264788.xyz/channel/sichuanweishi4k?streamid=401bf692a1a8b91298f26077d53316d6&livekey=01WgOR41rriMmMkzNsd0UoaxJRwetZdxIvtVk, IPv_Type: ipv4, Location: 美国, ISP: CloudFlare节点, Date: None, Delay: 42 ms, Speed: 124.02 M/s, Resolution: 1920x1080
Name: 四川卫视, URL: https://live.264788.xyz/channel/sichuanweishi4k?streamid=21be5901ee81559c827dc84e46f26452&livekey=01WgOR41rriMmMkzNsd0UoaxJRwetZdxIvtVk, IPv_Type: ipv4, Location: 美国, ISP: CloudFlare节点, Date: None, Delay: 42 ms, Speed: 123.60 M/s, Resolution: 1920x1080
Name: 西藏卫视, URL: https://live.264788.xyz/channel/xizangweishi?streamid=4b4e8ea919f1cfd5e43deed1d1675251&livekey=01WgOR41rriMmMkzNsd0UoaxJRwetZdxIvtVk, IPv_Type: ipv4, Location: 美国, ISP: CloudFlare节点, Date: None, Delay: 44 ms, Speed: 119.44 M/s, Resolution: 1920x1080
Name: 新疆卫视, URL: https://live.264788.xyz/channel/xinjiangweishi?streamid=4f481f56ae39ce5d24203471de9df635&livekey=01WgOR41rriMmMkzNsd0UoaxJRwetZdxIvtVk, IPv_Type: ipv4, Location: 美国, ISP: CloudFlare节点, Date: None, Delay: 43 ms, Speed: 127.44 M/s, Resolution: 1920x1080
Name: 浙江教育, URL: https://ali-m-l.cztv.com/channels/lantian/channel004/1080p.m3u8, IPv_Type: ipv4, Location: 中国-上海-上海, ISP: 电信, Date: None, Delay: 2223 ms, Speed: 0.81 M/s, Resolution: 1920x1080
Name: 浙江民生, URL: http://ali-m-l.cztv.com/channels/lantian/channel06/1080p.m3u8, IPv_Type: ipv4, Location: 中国-上海-上海, ISP: 电信, Date: None, Delay: 2366 ms, Speed: 1.00 M/s, Resolution: 1920x1080
Name: 浙江民生, URL: http://ali-m-l.cztv.com/channels/lantian/channel006/1080p.m3u8, IPv_Type: ipv4, Location: 中国-陕西, ISP: 移动, Date: None, Delay: 2036 ms, Speed: 0.92 M/s, Resolution: 1920x1080
Name: 浙江民生, URL: https://ali-m-l.cztv.com/channels/lantian/channel006/1080p.m3u8, IPv_Type: ipv4, Location: 中国-上海-上海, ISP: 电信, Date: None, Delay: 2273 ms, Speed: 0.88 M/s, Resolution: 1920x1080
Name: 湖州新闻综合, URL: http://hzcm-live.media.hugd.com/3f5fa7d64c7c46a38c6bd8ad35e836cc/65128273761b4731ae53729ea6dcf932.m3u8?auth_key=2277598215-9d21c15111244bea8d298c361d31a72e-0-d031198f58d44b0e91ba2e3f3b188865&amp;amp;fbl=, IPv_Type: ipv4, Location: 中国-上海-上海, ISP: 电信, Date: None, Delay: 1486 ms, Speed: 0.28 M/s, Resolution: 1280x720
Name: 湖州新闻综合, URL: http://hzcm-live.media.hugd.com/3f5fa7d64c7c46a38c6bd8ad35e836cc/65128273761b4731ae53729ea6dcf932.m3u8?auth_key=2277598215-9d21c15111244bea8d298c361d31a72e-0-d031198f58d44b0e91ba2e3f3b188865&amp;amp;amp;fbl=, IPv_Type: ipv4, Location: 中国-上海-上海, ISP: 电信, Date: None, Delay: 1495 ms, Speed: 0.28 M/s, Resolution: 1280x720
Name: 湖州新闻综合, URL: http://hzcm-live.media.hugd.com/3f5fa7d64c7c46a38c6bd8ad35e836cc/65128273761b4731ae53729ea6dcf932.m3u8?auth_key=2277598215-9d21c15111244bea8d298c361d31a72e-0-d031198f58d44b0e91ba2e3f3b188865&fbl=, IPv_Type: ipv4, Location: 中国-上海-上海, ISP: 电信, Date: None, Delay: 1298 ms, Speed: 0.27 M/s, Resolution: 1280x720
Name: 湖州新闻综合, URL: http://hzcm-live.media.hugd.com/3f5fa7d64c7c46a38c6bd8ad35e836cc/65128273761b4731ae53729ea6dcf932.m3u8?auth_key=2277598215-9d21c15111244bea8d298c361d31a72e-0-d031198f58d44b0e91ba2e3f3b188865&amp;fbl=, IPv_Type: ipv4, Location: 中国-上海-上海, ISP: 电信, Date: None, Delay: 1642 ms, Speed: 0.27 M/s, Resolution: 1280x720
Name: 湖州新闻综合, URL: http://hzcm-live.media.hugd.com/3f5fa7d64c7c46a38c6bd8ad35e836cc/65128273761b4731ae53729ea6dcf932.m3u8?auth_key=2277598215-9d21c15111244bea8d298c361d31a72e-0-d031198f58d44b0e91ba2e3f3b188865, IPv_Type: ipv4, Location: 中国-上海-上海, ISP: 电信, Date: None, Delay: 1528 ms, Speed: 0.27 M/s, Resolution: 1280x720
Name: 湖州新闻综合, URL: https://hzcm-live.media.hugd.com/3f5fa7d64c7c46a38c6bd8ad35e836cc/65128273761b4731ae53729ea6dcf932.m3u8?auth_key=2277598215-9d21c15111244bea8d298c361d31a72e-0-d031198f58d44b0e91ba2e3f3b188865, IPv_Type: ipv4, Location: 中国-上海-上海, ISP: 电信, Date: None, Delay: 1923 ms, Speed: 0.22 M/s, Resolution: 1280x720
Name: 湖州文化娱乐, URL: http://hzcm-live.media.hugd.com/613c47f0ab0d4eaa98b21378d0db6ded/0051d31c9dd543a7825eea4e49675b2a.m3u8?auth_key=2277598059-0a5ebfa1c0dc4671b42a60810fc37039-0-fa625b7d1feab612062453c12e3c8887&amp;fbl=, IPv_Type: ipv4, Location: 中国-上海-上海, ISP: 电信, Date: None, Delay: 1110 ms, Speed: 0.19 M/s, Resolution: 1280x720
Name: 湖州文化娱乐, URL: http://hzcm-live.media.hugd.com/613c47f0ab0d4eaa98b21378d0db6ded/0051d31c9dd543a7825eea4e49675b2a.m3u8?auth_key=2277598059-0a5ebfa1c0dc4671b42a60810fc37039-0-fa625b7d1feab612062453c12e3c8887&fbl=, IPv_Type: ipv4, Location: 中国-上海-上海, ISP: 电信, Date: None, Delay: 1118 ms, Speed: 0.18 M/s, Resolution: 1280x720
Name: 湖州文化娱乐, URL: http://hzcm-live.media.hugd.com/613c47f0ab0d4eaa98b21378d0db6ded/0051d31c9dd543a7825eea4e49675b2a.m3u8?auth_key=2277598059-0a5ebfa1c0dc4671b42a60810fc37039-0-fa625b7d1feab612062453c12e3c8887&amp;amp;fbl=, IPv_Type: ipv4, Location: 中国-上海-上海, ISP: 电信, Date: None, Delay: 1135 ms, Speed: 0.18 M/s, Resolution: 1280x720
Name: 湖州文化娱乐, URL: http://hzcm-live.media.hugd.com/613c47f0ab0d4eaa98b21378d0db6ded/0051d31c9dd543a7825eea4e49675b2a.m3u8?auth_key=2277598059-0a5ebfa1c0dc4671b42a60810fc37039-0-fa625b7d1feab612062453c12e3c8887, IPv_Type: ipv4, Location: 中国-上海-上海, ISP: 电信, Date: None, Delay: 1166 ms, Speed: 0.17 M/s, Resolution: 1280x720
Name: 湖州文化娱乐, URL: https://hzcm-live.media.hugd.com/613c47f0ab0d4eaa98b21378d0db6ded/0051d31c9dd543a7825eea4e49675b2a.m3u8?auth_key=2277598059-0a5ebfa1c0dc4671b42a60810fc37039-0-fa625b7d1feab612062453c12e3c8887, IPv_Type: ipv4, Location: 中国-上海-上海, ISP: 电信, Date: None, Delay: 1586 ms, Speed: 0.14 M/s, Resolution: 1280x720
Name: 浙江留学, URL: https://ali-m-l.cztv.com/channels/lantian/channel009/1080p.m3u8, IPv_Type: ipv4, Location: 中国-上海-上海, ISP: 电信, Date: None, Delay: 1525 ms, Speed: 0.26 M/s, Resolution: 1920x1080
Name: 浙江休闲台, URL: http://ali-m-l.cztv.com/channels/lantian/channel006/720p.m3u8, IPv_Type: ipv4, Location: 中国-上海-上海, ISP: 电信, Date: None, Delay: 2264 ms, Speed: 0.71 M/s, Resolution: 1280x720
Name: 浙江青田, URL: http://l.cztvcloud.com/channels/lantian/SXqingtian1/720p.m3u8?zzhed, IPv_Type: ipv4, Location: 中国-上海-上海, ISP: 电信, Date: None, Delay: 1703 ms, Speed: 0.48 M/s, Resolution: 1920x1080
Name: 浙江遂昌, URL: http://play-sh13.quklive.com/live/1708426592499070.m3u8?auth_key=2028414342-e92bda8423ad478c987a8b7ae82abe0e-0-c616f7fabb9675e1ed1d84d9edae7e07, IPv_Type: ipv4, Location: 美国, ISP: 阿里云, Date: None, Delay: 2051 ms, Speed: 0.65 M/s, Resolution: 1920x1080
Name: 诸暨新闻综合, URL: http://l.cztvcloud.com/channels/lantian/SXzhuji3/720p.m3u8?zzhed, IPv_Type: ipv4, Location: 中国-上海-上海, ISP: 电信, Date: None, Delay: 2826 ms, Speed: 1.08 M/s, Resolution: 1920x1080
Name: 诸暨新闻综合, URL: https://l.cztvcloud.com/channels/lantian/SXzhuji3/720p.m3u8, IPv_Type: ipv4, Location: 中国-上海-上海, ISP: 电信, Date: None, Delay: 3500 ms, Speed: 0.98 M/s, Resolution: 1920x1080
Name: 龙游生活娱乐, URL: http://l.cztvcloud.com/channels/lantian/SXlongyou2/720p.m3u8?zzhed, IPv_Type: ipv4, Location: 中国-上海-上海, ISP: 电信, Date: None, Delay: 3206 ms, Speed: 0.85 M/s, Resolution: 1280x720
Name: 龙游生活娱乐, URL: http://l.cztvcloud.com/channels/lantian/SXlongyou2/720p.m3u8, IPv_Type: ipv4, Location: 中国-上海-上海, ISP: 电信, Date: None, Delay: 4305 ms, Speed: 0.75 M/s, Resolution: 1280x720
Name: 龙游生活娱乐, URL: https://l.cztvcloud.com/channels/lantian/SXlongyou2/720p.m3u8, IPv_Type: ipv4, Location: 中国-上海-上海, ISP: 电信, Date: None, Delay: 4669 ms, Speed: 0.68 M/s, Resolution: 1280x720
Name: 龙游新闻综合, URL: https://l.cztvcloud.com/channels/lantian/SXlongyou1/720p.m3u8, IPv_Type: ipv4, Location: 中国-上海-上海, ISP: 电信, Date: None, Delay: 2389 ms, Speed: 0.67 M/s, Resolution: 1280x720
Name: 龙游新闻综合, URL: http://l.cztvcloud.com/channels/lantian/SXlongyou1/720p.m3u8?zzhed, IPv_Type: ipv4, Location: 中国-上海-上海, ISP: 电信, Date: None, Delay: 2789 ms, Speed: 0.67 M/s, Resolution: 1280x720
Name: 龙泉新闻综合, URL: http://l.cztvcloud.com/channels/lantian/SXlongquan1/720p.m3u8?zzhed&quot;, IPv_Type: ipv4, Location: 中国-上海-上海, ISP: 电信, Date: None, Delay: 2242 ms, Speed: 0.78 M/s, Resolution: 1920x1080
Name: 龙泉新闻综合, URL: http://l.cztvcloud.com/channels/lantian/SXlongquan1/720p.m3u8, IPv_Type: ipv4, Location: 中国-上海-上海, ISP: 电信, Date: None, Delay: 2587 ms, Speed: 0.65 M/s, Resolution: 1920x1080
Name: 象山综合, URL: http://play-sh13.quklive.com/live/1702360350551252.m3u8?auth_key=2037107484-800189c57a5a44d3b823b60cf84f6756-0-a6f6828a62d5c167cff5e68735fa0d39, IPv_Type: ipv4, Location: 美国, ISP: 阿里云, Date: None, Delay: 49 ms, Speed: 26.24 M/s, Resolution: 1920x1080
Name: 萧山生活, URL: http://l.cztvcloud.com/channels/lantian/SXxiaoshan2/720p.m3u8?zzhed, IPv_Type: ipv4, Location: 中国-上海-上海, ISP: 电信, Date: None, Delay: 3286 ms, Speed: 0.87 M/s, Resolution: 1280x720
Name: 萧山生活, URL: https://l.cztvcloud.com/channels/lantian/SXxiaoshan2/720p.m3u8, IPv_Type: ipv4, Location: 中国-上海-上海, ISP: 电信, Date: None, Delay: 3763 ms, Speed: 0.82 M/s, Resolution: 1280x720
Name: 缙云综合, URL: http://l.cztvcloud.com/channels/lantian/SXjinyun1/720p.m3u8?zzhed&quot;, IPv_Type: ipv4, Location: 中国-上海-上海, ISP: 电信, Date: None, Delay: 2288 ms, Speed: 0.74 M/s, Resolution: 1280x720
Name: 缙云综合, URL: http://l.cztvcloud.com/channels/lantian/SXjinyun1/720p.m3u8?zzhed, IPv_Type: ipv4, Location: 中国-上海-上海, ISP: 电信, Date: None, Delay: 2446 ms, Speed: 0.69 M/s, Resolution: 1280x720
Name: 缙云综合, URL: http://kkk.jjjj.jiduo.me/api.php?n=tttt&id=e337d3&tk=6949f8ce7202, IPv_Type: ipv4, Location: 美国, ISP: Bodis有限责任公司, Date: None, Delay: 119 ms, Speed: 0.00 M/s, Resolution: None
Name: 缙云新闻综合, URL: http://l.cztvcloud.com/channels/lantian/SXjinyun1/720p.m3u8, IPv_Type: ipv4, Location: 中国-上海-上海, ISP: 电信, Date: None, Delay: 3445 ms, Speed: 0.57 M/s, Resolution: 1280x720
Name: 绍兴电视台公共, URL: http://live.shaoxing.com.cn/video/s10001-sxtv2/index.m3u8?%E5%85%B3%E6%B3%A8%E5%BE%AE%E4%BF%A1%E5%85%AC%E4%BC%97%E5%8F%B7[%E6%99%B4%E5%9B%AD], IPv_Type: ipv4, Location: 中国-浙江-绍兴, ISP: 电信, Date: None, Delay: 4049 ms, Speed: 0.21 M/s, Resolution: 1280x720
Name: 绍兴电视台公共, URL: http://live.shaoxing.com.cn/video/s10001-sxtv2/index.m3u8, IPv_Type: ipv4, Location: 中国-浙江-绍兴, ISP: 电信, Date: None, Delay: 8349 ms, Speed: 0.14 M/s, Resolution: 1280x720
Name: 绍兴电视台公共, URL: http://kkk.jjjj.jiduo.me/api.php?n=tttt&id=1520cd&tk=6949f8ce7202, IPv_Type: ipv4, Location: 美国, ISP: Bodis有限责任公司, Date: None, Delay: 7668 ms, Speed: 0.00 M/s, Resolution: 1280x720
Name: 湖州公共民生, URL: http://hzcm-live.media.hugd.com/1e6b554b9ab74513958c0e1ffe664d22/9acaa7634309494cb29a85eb12136607.m3u8?auth_key=2272900830-9a2389b8bf4e49d580d4ad807423d326-0-ea78a5c7a678c436263582d368f5009e, IPv_Type: ipv4, Location: 中国-上海-上海, ISP: 电信, Date: None, Delay: 1581 ms, Speed: 0.27 M/s, Resolution: 1280x720
Name: 海宁新闻综合, URL: http://p2hs.vzan.com/slowlive/317913155078575177/live.m3u8, IPv_Type: ipv4, Location: 中国-广东-东莞, ISP: 鹏博士BGP, Date: None, Delay: 120 ms, Speed: 2.65 M/s, Resolution: 1280x720
Name: 海宁新闻综合, URL: https://p2hs.vzan.com/slowlive/317913155078575177/live.m3u8?zbid=293304&amp;tpid=1708007815, IPv_Type: ipv4, Location: 中国-广东-东莞, ISP: 鹏博士BGP, Date: None, Delay: 143 ms, Speed: 1.89 M/s, Resolution: 1280x720
Name: 海宁新闻综合, URL: https://p2hs.vzan.com/slowlive/317913155078575177/live.m3u8?zbid=293304&tpid=1708007815, IPv_Type: ipv4, Location: 中国-广东-东莞, ISP: 鹏博士BGP, Date: None, Delay: 503 ms, Speed: 1.29 M/s, Resolution: 1280x720
Name: 海宁新闻综合, URL: https://p2hs.vzan.com/slowlive/317913155078575177/live.m3u8?zbid=293304&amp;amp;tpid=1708007815, IPv_Type: ipv4, Location: 中国-广东-东莞, ISP: 鹏博士BGP, Date: None, Delay: 1149 ms, Speed: 0.38 M/s, Resolution: 1280x720
Name: 海宁新闻综合, URL: https://p2hs.vzan.com/slowlive/317913155078575177/live.m3u8, IPv_Type: ipv4, Location: 中国-广东-东莞, ISP: 鹏博士BGP, Date: None, Delay: 710 ms, Speed: 0.36 M/s, Resolution: 1280x720
Name: 松阳新闻综合, URL: http://l.cztvcloud.com/channels/lantian/SXsongyang1/720p.m3u8?fbl=, IPv_Type: ipv4, Location: 中国-上海-上海, ISP: 电信, Date: None, Delay: 4442 ms, Speed: 2.28 M/s, Resolution: 1920x1080
Name: 普陀电视台, URL: http://l.cztvcloud.com/channels/lantian/SXputuo1/720p.m3u8, IPv_Type: ipv4, Location: 中国-江苏-南通, ISP: 电信, Date: None, Delay: 3188 ms, Speed: 0.64 M/s, Resolution: 1280x720
Name: 普陀电视台, URL: https://l.cztvcloud.com/channels/lantian/SXputuo1/720p.m3u8, IPv_Type: ipv4, Location: 中国-上海-上海, ISP: 电信, Date: None, Delay: 3183 ms, Speed: 0.64 M/s, Resolution: 1280x720
Name: 普陀新闻综合, URL: http://l.cztvcloud.com/channels/lantian/SXputuo1/720p.m3u8?zzhed, IPv_Type: ipv4, Location: 中国-上海-上海, ISP: 电信, Date: None, Delay: 2190 ms, Speed: 0.78 M/s, Resolution: 1280x720
Name: 新昌生活, URL: http://l.cztvcloud.com/channels/lantian/SXxinchang2/720p.m3u8, IPv_Type: ipv4, Location: 中国-上海-上海, ISP: 电信, Date: None, Delay: 2578 ms, Speed: 0.47 M/s, Resolution: 1920x1080
Name: 文成综合, URL: http://l.cztvcloud.com/channels/lantian/SXwencheng1/720p.m3u8?zzhed, IPv_Type: ipv4, Location: 中国-上海-上海, ISP: 电信, Date: None, Delay: 2461 ms, Speed: 0.74 M/s, Resolution: 1280x720
Name: 文成综合, URL: http://l.cztvcloud.com/channels/lantian/SXwencheng1/720p.m3u8?fbl=, IPv_Type: ipv4, Location: 中国-上海-上海, ISP: 电信, Date: None, Delay: 3304 ms, Speed: 0.65 M/s, Resolution: 1280x720
Name: 文成综合, URL: http://kkk.jjjj.jiduo.me/api.php?n=tttt&id=1d3434&tk=6949f8ce7202, IPv_Type: ipv4, Location: 美国-弗吉尼亚州-马纳萨斯, ISP: LeaseWeb(WDC01)数据中心, Date: None, Delay: 2180 ms, Speed: 0.00 M/s, Resolution: None
Name: 开化国家公园, URL: http://l.cztvcloud.com/channels/lantian/SXkaihua2/720p.m3u8, IPv_Type: ipv4, Location: 中国-上海-上海, ISP: 电信, Date: None, Delay: 2266 ms, Speed: 0.73 M/s, Resolution: 1280x720
Name: 开化国家公园, URL: http://l.cztvcloud.com/channels/lantian/SXkaihua2/720p.m3u8zzhed, IPv_Type: ipv4, Location: 中国-江苏-南通, ISP: 电信, Date: None, Delay: 2898 ms, Speed: 0.66 M/s, Resolution: 1280x720
Name: 开化国家公园, URL: http://l.cztvcloud.com/channels/lantian/SXkaihua2/720p.m3u8?zzhed#http://l.cztvcloud.com/channels/lantian/SXkaihua2/720p.m3u8zzhed#http://l.cztvcloud.com/channels/lantian/SXkaihua2/720p.m3u8, IPv_Type: ipv4, Location: 中国-江苏-南通, ISP: 电信, Date: None, Delay: 3250 ms, Speed: 0.62 M/s, Resolution: 1280x720
Name: 开化国家公园, URL: http://l.cztvcloud.com/channels/lantian/SXkaihua2/720p.m3u8?zzhed, IPv_Type: ipv4, Location: 中国-上海-上海, ISP: 电信, Date: None, Delay: 4083 ms, Speed: 0.52 M/s, Resolution: 1280x720
Name: 开化国家公园, URL: http://kkk.jjjj.jiduo.me/api.php?n=tttt&id=fe04d5&tk=6949f8ce7202, IPv_Type: ipv4, Location: 荷兰-北荷兰省-哈勒姆, ISP: LeaseWeb(AMS01)数据中心, Date: None, Delay: 7406 ms, Speed: 0.00 M/s, Resolution: None
Name: 平湖民生休闲, URL: http://l.cztvcloud.com/channels/lantian/SXpinghu2/720p.m3u8?zzhed, IPv_Type: ipv4, Location: 中国-江苏-南通, ISP: 电信, Date: None, Delay: 1438 ms, Speed: 0.21 M/s, Resolution: 1280x720
Name: 平湖民生休闲, URL: http://l.cztvcloud.com/channels/lantian/SXpinghu2/720p.m3u8, IPv_Type: ipv4, Location: 中国-上海-上海, ISP: 电信, Date: None, Delay: 1723 ms, Speed: 0.19 M/s, Resolution: 1280x720
Name: 余杭未来E, URL: http://l.cztvcloud.com/channels/lantian/SXyuhang3/720p.m3u8, IPv_Type: ipv4, Location: 中国-上海-上海, ISP: 电信, Date: None, Delay: 4444 ms, Speed: 0.59 M/s, Resolution: 1920x1080
Name: 余杭未来E, URL: http://l.cztvcloud.com/channels/lantian/SXyuhang3/720p.m3u8?zzhed, IPv_Type: ipv4, Location: 中国-江苏-南通, ISP: 电信, Date: None, Delay: 6529 ms, Speed: 0.50 M/s, Resolution: 1920x1080
Name: 云和新闻综合, URL: http://l.cztvcloud.com/channels/lantian/SXyunhe1/720p.m3u8, IPv_Type: ipv4, Location: 中国-上海-上海, ISP: 电信, Date: None, Delay: 2398 ms, Speed: 1.08 M/s, Resolution: 1280x720
Name: 云和新闻综合, URL: http://l.cztvcloud.com/channels/lantian/SXyunhe1/720p.m3u8?zzhed, IPv_Type: ipv4, Location: 中国-上海-上海, ISP: 电信, Date: None, Delay: 4136 ms, Speed: 0.82 M/s, Resolution: 1280x720
Name: 东阳影视生活, URL: http://l.cztvcloud.com/channels/lantian/SXdongyang1/720p.m3u8, IPv_Type: ipv4, Location: 中国-上海-上海, ISP: 电信, Date: None, Delay: 2593 ms, Speed: 1.19 M/s, Resolution: 1280x720
Name: 北京卡酷少儿, URL: http://218.13.170.98:9901/tsfile/live/1021_1.m3u8, IPv_Type: ipv4, Location: 中国-广东-佛山, ISP: 电信, Date: None, Delay: 10496 ms, Speed: 0.27 M/s, Resolution: 720x576
Name: 北京新闻, URL: https://satellitepull.cnr.cn/live/wxbjxwgb/playlist.m3u8, IPv_Type: ipv4, Location: 美国-德克萨斯州-达拉斯, ISP: 网宿科技CDN节点, Date: None, Delay: 25 ms, Speed: 4.44 M/s, Resolution: None
Name: 北京科教, URL: http://player.cntv.cn/standard/live_HLSDRM20180606.swf?ChannelID=btv3&P2PChannelID=pd://cctv_p2p_hdbtv3, IPv_Type: ipv4, Location: 美国, ISP: CDNetworks, Date: None, Delay: 28 ms, Speed: 4.21 M/s, Resolution: 19x24
Name: 北京青年, URL: http://player.cntv.cn/standard/live_HLSDRM20180919.swf?v=180.171.5.8.9.6.3.9&ChannelID=btv8&videoTVChannel=btv8&P2PChannelID=pd://cctv_p2p_hdbtv8&tai=btv8&VideoName=btv8&channelID=btv8, IPv_Type: ipv4, Location: 美国, ISP: CDNetworks, Date: None, Delay: 27 ms, Speed: 3.18 M/s, Resolution: 19x24
Name: 上海第一财经, URL: https://satellitepull.cnr.cn/live/wx32dycjgb/playlist.m3u8, IPv_Type: ipv4, Location: 美国-德克萨斯州-达拉斯, ISP: 网宿科技CDN节点, Date: None, Delay: 24 ms, Speed: 4.46 M/s, Resolution: None
Name: 都市剧场, URL: https://satellitepull.cnr.cn/live/wxcqxwgb/playlist.m3u8, IPv_Type: ipv4, Location: 美国-伊利诺伊州-库克, ISP: 网宿CDN节点, Date: None, Delay: 25 ms, Speed: 4.36 M/s, Resolution: None
Name: 垫江综合, URL: rtmp://play-sh.quklive.com/live/1672366847646284, IPv_Type: ipv4, Location: 美国-科罗拉多州-布鲁姆菲尔德, ISP: Level3, Date: None, Delay: -1 ms, Speed: inf M/s, Resolution: 1920x1080
Name: 万州三峡移民, URL: http://123.146.162.24:8017/c2F0hmi/1000/live.m3u8?zzhongqd, IPv_Type: ipv4, Location: 中国-重庆-重庆, ISP: 联通, Date: None, Delay: 10684 ms, Speed: 0.20 M/s, Resolution: 720x576
Name: 句容党建, URL: http://jrlive.jrntv.com/live/_definst_/dangjians/playlist.m3u8?%E5%85%B3%E6%B3%A8%E5%BE%AE%E4%BF%A1%E5%85%AC%E4%BC%97%E5%8F%B7[%E6%99%B4%E5%9B%AD], IPv_Type: ipv4, Location: 中国-湖北-武汉, ISP: 电信, Date: None, Delay: 752 ms, Speed: 0.16 M/s, Resolution: 720x576
Name: 句容党建, URL: http://jrlive.jrntv.com:80/live/dangjian/playlist.m3u8, IPv_Type: ipv4, Location: 中国-江苏-苏州, ISP: 电信, Date: None, Delay: 967 ms, Speed: 0.11 M/s, Resolution: 1280x720
Name: 句容影院, URL: http://jrlive.jrntv.com/live/_definst_/yingshis/chunklist_w1994429382.m3u8?zjiangsd, IPv_Type: ipv4, Location: 中国-广西, ISP: 电信, Date: None, Delay: 1088 ms, Speed: 0.11 M/s, Resolution: 720x576
Name: 句容新闻综合, URL: http://jrlive.jrntv.com/live/_definst_/jrxwzhs/playlist.m3u8?zjiangsd, IPv_Type: ipv4, Location: 中国-广西, ISP: 电信, Date: None, Delay: 1543 ms, Speed: 0.30 M/s, Resolution: 720x576
Name: 句容新闻综合, URL: http://jrlive.jrntv.com/live/_definst_/jrxwzhs/playlist.m3u8, IPv_Type: ipv4, Location: 中国-广西, ISP: 电信, Date: None, Delay: 2659 ms, Speed: 0.23 M/s, Resolution: 720x576
Name: 句容生活, URL: http://jrlive.jrntv.com/live/_definst_/shenghuos/playlist.m3u8?%E5%85%B3%E6%B3%A8%E5%BE%AE%E4%BF%A1%E5%85%AC%E4%BC%97%E5%8F%B7[%E6%99%B4%E5%9B%AD], IPv_Type: ipv4, Location: 中国-广西, ISP: 电信, Date: None, Delay: 1413 ms, Speed: 0.42 M/s, Resolution: 720x576
Name: 句容生活, URL: http://jrlive.jrntv.com/live/_definst_/shenghuos/playlist.m3u8, IPv_Type: ipv4, Location: 中国-广西, ISP: 电信, Date: None, Delay: 1572 ms, Speed: 0.39 M/s, Resolution: 720x576
Name: 宜兴紫砂, URL: rtmp://yixing-tv-ori-hls.jstv.com/yixing-tv-ori/yixing_zs, IPv_Type: ipv4, Location: 中国-香港, ISP: OWS, Date: None, Delay: -1 ms, Speed: inf M/s, Resolution: 1280x720
Name: 常熟民生, URL: rtmp://cstvplay.21cs.cn/cstv2/cstv2, IPv_Type: ipv4, Location: 中国-上海-上海, ISP: 电信, Date: None, Delay: -1 ms, Speed: inf M/s, Resolution: 1280x720
Name: 武进新闻, URL: http://live.wjyanghu.com/live/CH1.m3u8?%E5%85%B3%E6%B3%A8%E5%BE%AE%E4%BF%A1%E5%85%AC%E4%BC%97%E5%8F%B7[%E6%99%B4%E5%9B%AD], IPv_Type: ipv4, Location: 中国-上海-上海, ISP: 阿里云, Date: None, Delay: 4311 ms, Speed: 0.09 M/s, Resolution: 720x576
Name: 武进新闻, URL: https://live.wjyanghu.com/live/CH1.m3u8, IPv_Type: ipv4, Location: 中国-上海-上海, ISP: 阿里云, Date: None, Delay: 4633 ms, Speed: 0.08 M/s, Resolution: 720x576
Name: 武进生活, URL: https://live.wjyanghu.com/live/CH2.m3u8, IPv_Type: ipv4, Location: 中国-上海-上海, ISP: 阿里云, Date: None, Delay: 10515 ms, Speed: 0.17 M/s, Resolution: 720x576
Name: 武进生活, URL: http://live.wjyanghu.com/live/CH2.m3u8, IPv_Type: ipv4, Location: 中国-上海-上海, ISP: 阿里云, Date: None, Delay: 10471 ms, Speed: 0.16 M/s, Resolution: 720x576
Name: 江宁新闻, URL: rtmp://jiangning-tv-hls.cm.jstv.com/jiangning-tv/jnxwzh, IPv_Type: ipv4, Location: 中国-香港, ISP: OWS, Date: None, Delay: 1487 ms, Speed: 0.00 M/s, Resolution: None
Name: 泗洪新闻综合, URL: rtmp://sihong-tv-hls.cm.jstv.com/sihong-tv/sihongxinwenzonghe, IPv_Type: ipv4, Location: 中国-上海-上海, ISP: 电信, Date: None, Delay: 2357 ms, Speed: 0.00 M/s, Resolution: None
Name: 滨海新闻综合, URL: http://traffic.jbh.tjbh.com/live/bhtv10/playlist.m3u8, IPv_Type: ipv4, Location: 美国-伊利诺伊州-库克, ISP: 网宿CDN节点, Date: None, Delay: 4044 ms, Speed: 0.39 M/s, Resolution: 1920x1080
Name: 睢宁综合, URL: https://live-auth.51kandianshi.com/szgd/csztv4k_hd.m3u8, IPv_Type: ipv4, Location: 美国-加利福尼亚州-圣克拉拉, ISP: 腾讯云, Date: None, Delay: 252 ms, Speed: 1.12 M/s, Resolution: 1280x720
Name: 赣榆新闻综合, URL: rtmp://ganyu-tv-hls.cm.jstv.com/ganyu-tv/ganyutv, IPv_Type: ipv4, Location: 中国-香港, ISP: OWS, Date: None, Delay: 1033 ms, Speed: 0.00 M/s, Resolution: None
Name: 镇江二套社会民生, URL: http://zjtv-wshls.homecdn.com/live/2aa16.m3u8, IPv_Type: ipv4, Location: 美国-伊利诺伊州-库克, ISP: 网宿CDN节点, Date: None, Delay: 2873 ms, Speed: 0.53 M/s, Resolution: 1920x1080
Name: 衡阳新闻综合, URL: https://liveplay-srs.voc.com.cn/hls/tv/183_554704.m3u8, IPv_Type: ipv4, Location: 中国-湖南, ISP: 移动, Date: None, Delay: 10505 ms, Speed: 0.01 M/s, Resolution: 800x480
Name: 南宁新闻综合, URL: rtmp://tv.qntv.net/channellive/ch1?zguizd, IPv_Type: ipv4, Location: 中国-贵州-黔南布依族苗族自治州, ISP: 联通, Date: None, Delay: -1 ms, Speed: inf M/s, Resolution: 1920x1080
Name: 广西新闻, URL: http://192.151.150.154/live/gxxw.m3u8, IPv_Type: ipv4, Location: 美国-密苏里州-杰克逊县, ISP: Datashack公司, Date: None, Delay: 529 ms, Speed: 7.37 M/s, Resolution: 1920x1080
Name: 广西国际, URL: http://192.151.150.154/live/gxgj.m3u8, IPv_Type: ipv4, Location: 美国-密苏里州-杰克逊县, ISP: Datashack公司, Date: None, Delay: 565 ms, Speed: 8.31 M/s, Resolution: 1920x1080
Name: 南宁影视娱乐, URL: rtmp://hls.nntv.cn/nnlive/YSYL_244, IPv_Type: ipv4, Location: 中国-江苏-扬州, ISP: 电信, Date: None, Delay: -1 ms, Speed: inf M/s, Resolution: 1280x720
Name: 南宁影视娱乐, URL: http://hls.nntv.cn/nnlive/YSYL_244.m3u8, IPv_Type: ipv4, Location: 中国-江苏-扬州, ISP: 电信, Date: None, Delay: 1231 ms, Speed: 0.38 M/s, Resolution: 1280x720
Name: 南宁影视娱乐, URL: https://hls.nntv.cn/nnlive/YSYL_244.m3u8, IPv_Type: ipv4, Location: 中国-江苏-扬州, ISP: 电信, Date: None, Delay: 1916 ms, Speed: 0.23 M/s, Resolution: 1280x720
Name: 津南一套, URL: http://play.jinnantv.top/live/JNTV1.m3u8?ztianjd, IPv_Type: ipv4, Location: 美国-伊利诺伊州-库克, ISP: 网宿CDN节点, Date: None, Delay: 29 ms, Speed: 9.40 M/s, Resolution: 720x576
Name: 井研综合, URL: http://tvfile.jyrmt.cn/nmip-media/channellive/channel104452/playlist.m3u8, IPv_Type: ipv4, Location: 中国-四川, ISP: 广电网, Date: None, Delay: 4575 ms, Speed: 0.48 M/s, Resolution: 1920x1080
Name: 仁寿综合, URL: https://play.scrstv.com.cn/DT/live.m3u8?auth_key=60001724663204-0-0-c1cc4ded9841ac34f63cdbd3aec647ef, IPv_Type: ipv4, Location: 中国-上海-上海, ISP: 电信, Date: None, Delay: 1895 ms, Speed: 0.03 M/s, Resolution: None
Name: 凉山新闻综合, URL: rtmp://tv.drs.i0834.cn/channellive/ch1?zsicd, IPv_Type: ipv4, Location: 中国-四川-凉山彝族自治州, ISP: 电信, Date: None, Delay: -1 ms, Speed: inf M/s, Resolution: 720x404
Name: 凉山新闻综合, URL: rtmp://tv.drs.yizu.tv/channellive/ch1?zsicd, IPv_Type: ipv4, Location: 中国-四川-凉山彝族自治州, ISP: 电信, Date: None, Delay: -1 ms, Speed: inf M/s, Resolution: 720x404
Name: 凉山语, URL: rtmp://tv.drs.i0834.cn/channellive/ch2?zsicd, IPv_Type: ipv4, Location: 中国-四川-凉山彝族自治州, ISP: 电信, Date: None, Delay: -1 ms, Speed: inf M/s, Resolution: 720x404
Name: 凉山语, URL: rtmp://tv.drs.yizu.tv/channellive/ch2?zsicd, IPv_Type: ipv4, Location: 中国-四川-凉山彝族自治州, ISP: 电信, Date: None, Delay: -1 ms, Speed: inf M/s, Resolution: 720x404
Name: 剑阁综合, URL: https://m3u8.channel.dzsm.com/nmip-media/channellive/channel105549/playlist.m3u8, IPv_Type: ipv4, Location: 中国-四川, ISP: 移动, Date: None, Delay: 10254 ms, Speed: 0.18 M/s, Resolution: 960x528
Name: 叙永综合, URL: https://m3u8channel-bx.yunxya.com/nmip-media/channellive/channel104666/playlist.m3u8, IPv_Type: ipv4, Location: 中国-浙江-宁波, ISP: 电信, Date: None, Delay: 2200 ms, Speed: 0.63 M/s, Resolution: 1920x1080
Name: 名山综合, URL: rtmp://tv.yunxya.com:1937/channellive/mingshan, IPv_Type: ipv4, Location: 中国-四川-雅安, ISP: 电信, Date: None, Delay: -1 ms, Speed: inf M/s, Resolution: 1920x1080
Name: 夹江新闻综合, URL: https://m3u8.channel.dzsm.com/nmip-media/channellive/channel101257/playlist.m3u8, IPv_Type: ipv4, Location: 中国-四川, ISP: 移动, Date: None, Delay: 3992 ms, Speed: 0.54 M/s, Resolution: 1280x720
Name: 夹江新闻综合, URL: rtmp://tv.jjrm.org.cn/channellive/ch1?zsicd, IPv_Type: ipv4, Location: 中国-四川, ISP: 广电网, Date: None, Delay: 5341 ms, Speed: 0.00 M/s, Resolution: None
Name: 宝兴综合, URL: rtmp://tv.yunxya.com:1937/channellive/baoxing, IPv_Type: ipv4, Location: 中国-四川-雅安, ISP: 电信, Date: None, Delay: -1 ms, Speed: inf M/s, Resolution: 1920x1080
Name: 小金综合, URL: rtmp://xjlive.xjxrmt.cn/live/xwpd, IPv_Type: ipv4, Location: 中国-四川-成都, ISP: 电信, Date: None, Delay: -1 ms, Speed: inf M/s, Resolution: 1920x1080
Name: 广安公共, URL: http://live1.gatv.com.cn:85/live/GGPD.m3u8, IPv_Type: ipv4, Location: 中国-四川-广安, ISP: 电信, Date: None, Delay: 511 ms, Speed: 0.00 M/s, Resolution: 1920x1080
Name: 旺苍新闻综合, URL: rtmp://tv.wcrmt.cn/channellive/ch1, IPv_Type: ipv4, Location: 中国-四川-广元, ISP: 广电网, Date: None, Delay: -1 ms, Speed: inf M/s, Resolution: 1920x1080
Name: 朝天综合, URL: https://m3u8.channel.dzsm.com/nmip-media/channellive/channel104601/playlist.m3u8, IPv_Type: ipv4, Location: 中国-四川, ISP: 移动, Date: None, Delay: 10238 ms, Speed: 0.32 M/s, Resolution: 960x528
Name: 武胜综合, URL: http://live2.gatv.com.cn:86/live/WS.m3u8, IPv_Type: ipv4, Location: 中国-四川-广安, ISP: 电信, Date: None, Delay: 507 ms, Speed: 0.00 M/s, Resolution: None
Name: 沐川综合, URL: rtmp://tv.mcrm.org.cn:1935/channellive/tv01, IPv_Type: ipv4, Location: 中国-四川-乐山, ISP: 电信, Date: None, Delay: -1 ms, Speed: inf M/s, Resolution: 1920x1080
Name: 泸县新闻综合, URL: https://m3u8channel.ganzitv.com/nmip-media/channellive/channel1/playlist.m3u8, IPv_Type: ipv4, Location: 中国-江苏-常州, ISP: 电信, Date: None, Delay: 2508 ms, Speed: 0.76 M/s, Resolution: 1280x720
Name: 泸县新闻综合, URL: rtmp://tv.lxxcb.cn:1935/channellive/lxtv1?zsicd;http://lxfile.lxxcb.cn/nmip-media/channellive/channel103799/playlist.m3u8?zsicd, IPv_Type: ipv4, Location: 中国-四川, ISP: 移动, Date: None, Delay: 5529 ms, Speed: 0.00 M/s, Resolution: None
Name: 石棉综合, URL: rtmp://tv.yunxya.com:1937/channellive/shimian, IPv_Type: ipv4, Location: 中国-四川-雅安, ISP: 电信, Date: None, Delay: -1 ms, Speed: inf M/s, Resolution: 1920x1080
Name: 荥经综合, URL: rtmp://tv.yunxya.com:1937/channellive/yingjing, IPv_Type: ipv4, Location: 中国-四川-雅安, ISP: 电信, Date: None, Delay: -1 ms, Speed: inf M/s, Resolution: 1920x1080
Name: 金川新闻综合, URL: rtmp://live.jinchuanrmt.com/live/zhxw, IPv_Type: ipv4, Location: 中国-四川, ISP: 电信, Date: None, Delay: -1 ms, Speed: inf M/s, Resolution: 1920x1080
Name: 金川新闻综合, URL: rtmp://139.203.180.9/live/zhxw, IPv_Type: ipv4, Location: 中国-四川, ISP: 电信, Date: None, Delay: -1 ms, Speed: inf M/s, Resolution: 1920x1080
Name: 长宁综合, URL: rtmp://cnpull.sccnfb.com/live/123456, IPv_Type: ipv4, Location: 中国-河南-信阳, ISP: 电信, Date: None, Delay: -1 ms, Speed: inf M/s, Resolution: 1920x1080
Name: 青川综合, URL: http://qcfile.qcrmt.com/nmip-media/channellive/channel100933/playlist.m3u8, IPv_Type: ipv4, Location: 中国-四川, ISP: 广电网, Date: None, Delay: 5960 ms, Speed: 0.34 M/s, Resolution: 1920x1080
Name: 马尔康综合, URL: rtmp://live.zmmek.com/live/zhxw, IPv_Type: ipv4, Location: 中国-四川-阿坝藏族羌族自治州, ISP: 联通, Date: None, Delay: 10007 ms, Speed: 0.00 M/s, Resolution: None
Name: 福建新闻, URL: http://satellitepull.cnr.cn/live/wx32fjxwgb/playlist.m3u8, IPv_Type: ipv4, Location: 美国-德克萨斯州-达拉斯, ISP: 网宿科技CDN节点, Date: None, Delay: 18 ms, Speed: 5.41 M/s, Resolution: None
Name: 福建经济, URL: http://satellitepull.cnr.cn/live/wx32fjdnjjgb/playlist.m3u8, IPv_Type: ipv4, Location: 美国-德克萨斯州-达拉斯, ISP: 网宿科技CDN节点, Date: None, Delay: 19 ms, Speed: 5.44 M/s, Resolution: None
Name: 福建公共, URL: https://live.264788.xyz/channel/fujianxiangcungonggong?streamid=1cf7fc3a8f6d160c33b43c2f9507a0cc&livekey=01WgOR41rriMmMkzNsd0UoaxJRwetZdxIvtVk, IPv_Type: ipv4, Location: 美国, ISP: CloudFlare节点, Date: None, Delay: 49 ms, Speed: 117.47 M/s, Resolution: 1920x1080
Name: 福建公共, URL: https://live.264788.xyz/channel/fujianxiangcungonggong?streamid=2987cc24bada6a8c25589409a6452d9e&livekey=01WgOR41rriMmMkzNsd0UoaxJRwetZdxIvtVk, IPv_Type: ipv4, Location: 美国, ISP: CloudFlare节点, Date: None, Delay: 48 ms, Speed: 114.69 M/s, Resolution: 1920x1080
Name: 福建旅游, URL: https://live.264788.xyz/channel/fujianlvyou?streamid=fc58882de71ce4575b66002f2475226b&livekey=01WgOR41rriMmMkzNsd0UoaxJRwetZdxIvtVk, IPv_Type: ipv4, Location: 美国, ISP: CloudFlare节点, Date: None, Delay: 38 ms, Speed: 139.43 M/s, Resolution: 1920x1080
Name: 福建旅游, URL: https://live.264788.xyz/channel/fujianlvyou?streamid=8f26765ebf367079cef58c6b7752da1e&livekey=01WgOR41rriMmMkzNsd0UoaxJRwetZdxIvtVk, IPv_Type: ipv4, Location: 美国, ISP: CloudFlare节点, Date: None, Delay: 43 ms, Speed: 128.74 M/s, Resolution: 1920x1080
Name: 福建旅游, URL: https://live.264788.xyz/channel/fujianlvyou?streamid=599c11c8b284751261b165f4d5765b36&livekey=01WgOR41rriMmMkzNsd0UoaxJRwetZdxIvtVk, IPv_Type: ipv4, Location: 美国, ISP: CloudFlare节点, Date: None, Delay: 43 ms, Speed: 126.29 M/s, Resolution: 1920x1080
Name: 福建旅游, URL: https://live.264788.xyz/channel/fujianlvyou?streamid=221239fcf3c7edb274f2f0760fe47f96&livekey=01WgOR41rriMmMkzNsd0UoaxJRwetZdxIvtVk, IPv_Type: ipv4, Location: 美国, ISP: CloudFlare节点, Date: None, Delay: 75 ms, Speed: 81.40 M/s, Resolution: 1920x1080
Name: 福建海峡卫视, URL: http://38.64.72.148:80/hls/modn/list/4009/playlist.m3u8, IPv_Type: ipv4, Location: 美国-加利福尼亚州-洛杉矶, ISP: Cogent, Date: None, Delay: 10043 ms, Speed: 0.19 M/s, Resolution: None
Name: 海南新闻, URL: https://satellitepull.cnr.cn/live/wxhainxwgb/playlist.m3u8, IPv_Type: ipv4, Location: 美国-德克萨斯州-达拉斯, ISP: 网宿科技CDN节点, Date: None, Delay: 26 ms, Speed: 4.24 M/s, Resolution: None
Name: 衡山, URL: http://live.hznet.tv:1935/live/live1/500K/tzwj_video.m3u8, IPv_Type: ipv4, Location: 中国-山东-菏泽, ISP: 联通, Date: None, Delay: 10385 ms, Speed: 0.20 M/s, Resolution: 1280x720
Name: 甘肃经济, URL: https://satellitepull.cnr.cn/live/wxgshhzs/playlist.m3u8, IPv_Type: ipv4, Location: 美国-德克萨斯州-达拉斯, ISP: 网宿科技CDN节点, Date: None, Delay: 25 ms, Speed: 4.15 M/s, Resolution: None
Name: 甘肃都市, URL: https://satellitepull.cnr.cn/live/wxgsdstb/playlist.m3u8, IPv_Type: ipv4, Location: 美国-德克萨斯州-达拉斯, ISP: 网宿科技CDN节点, Date: None, Delay: 25 ms, Speed: 3.99 M/s, Resolution: None
Name: 嘉峪关综合, URL: http://play.kankanlive.com/live/1720583434627241.m3u8, IPv_Type: ipv4, Location: 中国-河北-廊坊, ISP: 联通, Date: None, Delay: 2068 ms, Speed: 0.87 M/s, Resolution: 1920x1080
Name: 永昌综合, URL: http://play.kankanlive.com/live/1720408280309109.m3u8, IPv_Type: ipv4, Location: 中国-山东, ISP: 联通, Date: None, Delay: 1896 ms, Speed: 0.94 M/s, Resolution: 1920x1080
Name: 甘肃少儿, URL: rtsp://180.95.143.19/PLTV/88888910/224/3221225494/10000100000000060000000000102582_0.smil, IPv_Type: ipv4, Location: 中国-甘肃-金昌, ISP: 联通, Date: None, Delay: 10004 ms, Speed: 0.00 M/s, Resolution: None
Name: 甘肃少儿, URL: rtsp://116.176.26.18/PLTV/88888910/224/3221225494/10000100000000060000000000102582_0.smil, IPv_Type: ipv4, Location: 中国-甘肃, ISP: 联通, Date: None, Delay: 10005 ms, Speed: 0.00 M/s, Resolution: None
Name: 甘肃少儿, URL: rtmp://livein.gstv.com.cn/49048r/922k96, IPv_Type: ipv4, Location: 中国-甘肃-兰州, ISP: 电信, Date: None, Delay: 5145 ms, Speed: 0.00 M/s, Resolution: None
Name: 甘肃少儿, URL: rtsp://116.176.26.19/PLTV/88888910/224/3221225485/10000100000000060000000000102562_0.smil, IPv_Type: ipv4, Location: 中国-甘肃, ISP: 联通, Date: None, Delay: 10010 ms, Speed: 0.00 M/s, Resolution: None
Name: 甘肃少儿, URL: rtsp://115.85.232.19/PLTV/88888910/224/3221225494/10000100000000060000000000102582_0.smil, IPv_Type: ipv4, Location: 中国-甘肃-金昌, ISP: 联通, Date: None, Delay: 10009 ms, Speed: 0.00 M/s, Resolution: None
Name: 甘肃少儿, URL: rtsp://60.13.23.179/PLTV/88888910/224/3221225494/10000100000000060000000000102582_0.smil, IPv_Type: ipv4, Location: 中国-甘肃-兰州, ISP: 联通, Date: None, Delay: 10009 ms, Speed: 0.00 M/s, Resolution: None
Name: 甘肃少儿, URL: rtsp://221.7.61.147/PLTV/88888910/224/3221225494/10000100000000060000000000102582_0.smil, IPv_Type: ipv4, Location: 中国-甘肃-白银, ISP: 联通, Date: None, Delay: 10004 ms, Speed: 0.00 M/s, Resolution: None
Name: 甘肃少儿, URL: rtsp://60.13.39.18/PLTV/88888910/224/3221225485/10000100000000060000000000102562_0.smil, IPv_Type: ipv4, Location: 中国-甘肃-天水, ISP: 联通, Date: None, Delay: 10006 ms, Speed: 0.00 M/s, Resolution: None
Name: 甘肃少儿, URL: rtsp://60.13.27.115/PLTV/88888910/224/3221225485/10000100000000060000000000102562_0.smil, IPv_Type: ipv4, Location: 中国-甘肃-兰州, ISP: 联通, Date: None, Delay: 10006 ms, Speed: 0.00 M/s, Resolution: None
Name: 甘肃少儿, URL: rtsp://60.13.39.19/PLTV/88888910/224/3221225485/10000100000000060000000000102562_0.smil, IPv_Type: ipv4, Location: 中国-甘肃-天水, ISP: 联通, Date: None, Delay: 10004 ms, Speed: 0.00 M/s, Resolution: None
Name: 甘肃少儿, URL: rtsp://124.152.124.50/PLTV/88888910/224/3221225485/10000100000000060000000000102562_0.smil, IPv_Type: ipv4, Location: 中国-甘肃, ISP: 联通, Date: None, Delay: 10005 ms, Speed: 0.00 M/s, Resolution: None
Name: 甘肃少儿, URL: rtsp://115.85.205.19/PLTV/88888910/224/3221225485/10000100000000060000000000102562_0.smil, IPv_Type: ipv4, Location: 中国-甘肃-嘉峪关, ISP: 联通, Date: None, Delay: 10005 ms, Speed: 0.00 M/s, Resolution: None
Name: 白银综合, URL: http://play.kankanlive.com/live/1720408089419110.m3u8, IPv_Type: ipv4, Location: 中国-山东-青岛, ISP: 联通, Date: None, Delay: 2460 ms, Speed: 0.81 M/s, Resolution: 1920x1080
Name: 白银综合, URL: https://play.kankanlive.com/live/1720408089419110.m3u8, IPv_Type: ipv4, Location: 中国-山东-青岛, ISP: 联通, Date: None, Delay: 2614 ms, Speed: 0.70 M/s, Resolution: 1920x1080
Name: 秦安综合, URL: rtmp://play.kankanlive.com/live/1680577080200944, IPv_Type: ipv4, Location: 中国-山东-青岛, ISP: 联通, Date: None, Delay: -1 ms, Speed: inf M/s, Resolution: 1280x720
Name: 秦安综合, URL: http://play.kankanlive.com/live/1683944827526991.m3u8, IPv_Type: ipv4, Location: 中国-山东-济南, ISP: 移动, Date: None, Delay: 2535 ms, Speed: 0.89 M/s, Resolution: 1280x720
Name: 西峰综合, URL: https://play.kankanlive.com/live/1683944827526991.m3u8, IPv_Type: ipv4, Location: 中国-山东-青岛, ISP: 联通, Date: None, Delay: 2553 ms, Speed: 0.96 M/s, Resolution: 1280x720
Name: 伊犁维吾尔, URL: http://110.153.180.106:55555/out_2/index.m3u8?zxinjd, IPv_Type: ipv4, Location: 中国-新疆-伊犁哈萨克自治州, ISP: 电信, Date: None, Delay: 10101 ms, Speed: 0.46 M/s, Resolution: None
Name: 伊犁哈萨克, URL: http://110.153.180.106:55555/out_3/index.m3u8, IPv_Type: ipv4, Location: 中国-新疆-伊犁哈萨克自治州, ISP: 电信, Date: None, Delay: 10161 ms, Speed: 0.54 M/s, Resolution: None
Name: 伊犁经济法制, URL: http://110.153.180.106:55555/out_4/index.m3u8, IPv_Type: ipv4, Location: 中国-新疆-伊犁哈萨克自治州, ISP: 电信, Date: None, Delay: 10579 ms, Speed: 0.28 M/s, Resolution: None
Name: 伊犁经济法制, URL: http://110.153.180.106:55555/out_4/index.m3u8?zxinjd, IPv_Type: ipv4, Location: 中国-新疆-伊犁哈萨克自治州, ISP: 电信, Date: None, Delay: 10678 ms, Speed: 0.19 M/s, Resolution: None
Name: 兵团五师双河新闻综合, URL: https://liveout.btzx.com.cn/62ds9e/4nxdih.m3u8?zxinjd, IPv_Type: ipv4, Location: 中国-河南-信阳, ISP: 电信, Date: None, Delay: 2540 ms, Speed: 0.21 M/s, Resolution: 720x576
Name: 兵团五师双河新闻综合, URL: http://liveout.btzx.com.cn/62ds9e/4nxdih.m3u8?fbl=, IPv_Type: ipv4, Location: 中国-河南-信阳, ISP: 电信, Date: None, Delay: 2244 ms, Speed: 0.21 M/s, Resolution: 720x576
Name: 奎屯哈萨克语, URL: http://218.84.12.186:8002/hls/main/playlist.m3u8?zxinjd, IPv_Type: ipv4, Location: 中国-新疆-伊犁哈萨克自治州, ISP: 电信, Date: None, Delay: 10033 ms, Speed: 0.03 M/s, Resolution: 1920x1080
Name: 奎屯哈萨克语, URL: http://218.84.12.186:8002/hls/main/playlist.m3u8, IPv_Type: ipv4, Location: 中国-新疆-伊犁哈萨克自治州, ISP: 电信, Date: None, Delay: 10021 ms, Speed: 0.03 M/s, Resolution: 1920x1080
Name: 玛纳斯综合, URL: http://218.84.127.245:1026/hls/main1/playlist.m3u8?zxinjd,, IPv_Type: ipv4, Location: 中国-新疆-昌吉回族自治州, ISP: 电信, Date: None, Delay: 5642 ms, Speed: 0.24 M/s, Resolution: 1920x1080
Name: 可克达拉综合, URL: http://file.loulannews.cn/nmip-media/channellive/channel103824/playlist.m3u8, IPv_Type: ipv4, Location: 中国-新疆, ISP: 移动, Date: None, Delay: 10350 ms, Speed: 0.23 M/s, Resolution: 1920x1080
Name: 巴音郭楞州, URL: rtmp://tv.loulannews.cn/channellive/ch1, IPv_Type: ipv4, Location: 中国-新疆, ISP: 移动, Date: None, Delay: -1 ms, Speed: inf M/s, Resolution: 1920x1080
Name: 石河子教育, URL: rtmp://124.88.144.73:1935/live/jiaoyu, IPv_Type: ipv4, Location: 中国-新疆-石河子, ISP: 联通, Date: None, Delay: -1 ms, Speed: inf M/s, Resolution: 1920x1080
Name: 山东文旅, URL: http://58.57.40.22:9901/tsfile/live/1023_1.m3u8, IPv_Type: ipv4, Location: 中国-山东-临沂, ISP: 电信, Date: None, Delay: 10359 ms, Speed: 0.00 M/s, Resolution: None
Name: 青州综合, URL: rtmp://sdqz.chinashadt.com:2036/live/stream:1.stream, IPv_Type: ipv4, Location: 中国-山东-潍坊, ISP: 联通, Date: None, Delay: -1 ms, Speed: inf M/s, Resolution: 720x576
Name: 枣庄教育, URL: http://kkk.jjjj.jiduo.me/api.php?n=tttt&id=64e23d&tk=6949f8ce7202, IPv_Type: ipv4, Location: 美国, ISP: Bodis有限责任公司, Date: None, Delay: 279 ms, Speed: 0.00 M/s, Resolution: 960x540
Name: 菏泽新闻综合, URL: http://live.hznet.tv:1935/live/live1/500k/tzwj_video.m3u8, IPv_Type: ipv4, Location: 中国-山东-菏泽, ISP: 联通, Date: None, Delay: 3386 ms, Speed: 0.54 M/s, Resolution: 1280x720
Name: 菏泽经济生活, URL: http://live.hznet.tv:1935/live/live2/500k/tzwj_video.m3u8, IPv_Type: ipv4, Location: 中国-山东-菏泽, ISP: 联通, Date: None, Delay: 3368 ms, Speed: 0.58 M/s, Resolution: 1280x720
Name: 菏泽经济生活, URL: http://live.hznet.tv:1935/live/live2/500K/tzwj_video.m3u8?shandd, IPv_Type: ipv4, Location: 中国-山东-菏泽, ISP: 联通, Date: None, Delay: 3189 ms, Speed: 0.57 M/s, Resolution: 1280x720
Name: 菏泽经济生活, URL: http://live.hznet.tv:1935/live/live2/500K/tzwj_video.m3u8, IPv_Type: ipv4, Location: 中国-山东-菏泽, ISP: 联通, Date: None, Delay: 3416 ms, Speed: 0.57 M/s, Resolution: 1280x720
Name: 万荣综合, URL: http://60.222.246.220:19433/hls1.m3u8, IPv_Type: ipv4, Location: 中国-山西-运城, ISP: 联通, Date: None, Delay: 4352 ms, Speed: 0.20 M/s, Resolution: 720x404
Name: 古县综合, URL: https://l2fpdktp.live.sxmty.com/live/hls/e4c3b363cc4549788e2d983f403e07db/d99ce1eb686e41b9afc888110bd95aa7.m3u8?zshanxd, IPv_Type: ipv4, Location: 中国-上海-上海, ISP: 电信, Date: None, Delay: 1333 ms, Speed: 0.00 M/s, Resolution: 720x480
Name: 大宁综合, URL: http://live.daningtv.com/aac_dngb/playlist.m3u8, IPv_Type: ipv4, Location: 中国-河北-唐山, ISP: 联通, Date: None, Delay: 1281 ms, Speed: 0.06 M/s, Resolution: None
Name: 定襄综合, URL: http://lbyzztfe.live.sxmty.com/live/hls/645ff4c60e0a49f0a203abbd73dd8be9/0720e665f10f48e98c9639f4f492fb4a-1.m3u8?zshanxd, IPv_Type: ipv4, Location: 中国-上海-上海, ISP: 电信, Date: None, Delay: 1219 ms, Speed: 0.00 M/s, Resolution: 1280x720
Name: 平遥新闻综合, URL: https://tntgjhjb.live.sxmty.com/live/hls/3a4585ac11ec4e1bb07b419101b370c3/baf63e2b313440c2a25d7859f9b73b05-1.m3u8?zshanxd, IPv_Type: ipv4, Location: 中国-上海-上海, ISP: 电信, Date: None, Delay: 3328 ms, Speed: 0.73 M/s, Resolution: 1920x1080
Name: 怀仁综合, URL: https://1yp7hc5p.live.sxmty.com/live/hls/bff8529922344209985b6e49baa9555a/efa2543628fc4a7ea93d3d6c975f77dc-1.m3u8, IPv_Type: ipv4, Location: 中国-上海-上海, ISP: 电信, Date: None, Delay: 2586 ms, Speed: 0.22 M/s, Resolution: 1920x1080
Name: 汾西综合, URL: https://qmmqvzoz.live.sxmty.com/live/hls/f24f8a390c084386a564074c9260100c/be3fdf07606145739ab2c4b80fe0136a.m3u8?zshanxd, IPv_Type: ipv4, Location: 中国-江苏-徐州, ISP: 电信, Date: None, Delay: 2297 ms, Speed: 0.43 M/s, Resolution: 1920x1080
Name: 长子综合, URL: https://83awgyp5.live.sxmty.com/live/hls/6f6f4b36f9bd42628b718b595ba507ed/724b7e8907a8414d873eb2a2f69bfa18.m3u8?zshanxd, IPv_Type: ipv4, Location: 中国-江苏-徐州, ISP: 电信, Date: None, Delay: 3078 ms, Speed: 0.45 M/s, Resolution: 1920x1080
Name: 长子综合, URL: https://www.wxhcgbds.com:8081/channelTv/WXTV_1.m3u8?zshanxd, IPv_Type: ipv4, Location: 中国-山西-运城, ISP: 电信, Date: None, Delay: 10983 ms, Speed: 0.15 M/s, Resolution: 1920x1080
Name: 安徽导视, URL: http://dspdhls.appcoo.com:8888/live/dspd/index.m3u8, IPv_Type: ipv4, Location: 中国-安徽, ISP: 移动, Date: None, Delay: 2546 ms, Speed: 1.01 M/s, Resolution: 1920x1080
Name: 固镇新闻, URL: http://www.guzhenm.com:7001/hls/hd-live.m3u8?%E5%85%B3%E6%B3%A8%E5%BE%AE%E4%BF%A1%E5%85%AC%E4%BC%97%E5%8F%B7[%E6%99%B4%E5%9B%AD], IPv_Type: ipv4, Location: 中国-安徽-蚌埠, ISP: 电信, Date: None, Delay: 2506 ms, Speed: 0.39 M/s, Resolution: 1920x1080
Name: 祁门综合, URL: rtmp://tv.qmxrmt.com/chan/ch1, IPv_Type: ipv4, Location: 中国-安徽, ISP: 移动, Date: None, Delay: -1 ms, Speed: inf M/s, Resolution: 1920x1080
Name: 祁门综合, URL: rtmp://tv.qmxrmt.com/chan/ch1?zanhd, IPv_Type: ipv4, Location: 中国-安徽, ISP: 移动, Date: None, Delay: -1 ms, Speed: inf M/s, Resolution: 1920x1080
Name: 灵璧综合, URL: http://live.cms.anhuinews.com/video/s10003-lbtv/index.m3u8, IPv_Type: ipv4, Location: 中国-安徽-合肥, ISP: 电信, Date: None, Delay: 2924 ms, Speed: 0.19 M/s, Resolution: 640x480
Name: 涡阳新闻综合, URL: http://220.180.124.18:888/live/ch0.m3u8, IPv_Type: ipv4, Location: 中国-安徽-亳州, ISP: 电信, Date: None, Delay: 2722 ms, Speed: 0.21 M/s, Resolution: 544x480
Name: 宿松新闻综合, URL: rtmp://52181.lssplay.aodianyun.com/tv_radio_52181/tv_channel_3390?auth_key=4849469644-0-0-4ebac1aa7b06c07197e6a43bb43b3fa7, IPv_Type: ipv4, Location: 中国-上海-上海, ISP: 电信, Date: None, Delay: -1 ms, Speed: inf M/s, Resolution: 720x404
Name: 宿州公共, URL: http://live.ahsz.tv/video/s10001-ggpd/index.m3u8, IPv_Type: ipv4, Location: 中国-安徽-宿州, ISP: 电信, Date: None, Delay: 2551 ms, Speed: 0.04 M/s, Resolution: 1920x1080
Name: 延边-2, URL: http://stream8.jlntv.cn/ljtv/playlist.m3u8, IPv_Type: ipv4, Location: 中国-广东-深圳, ISP: 联通, Date: None, Delay: 1936 ms, Speed: 0.20 M/s, Resolution: 320x240
Name: 延边-2, URL: http://stream5.jlntv.cn/wq/playlist.m3u8, IPv_Type: ipv4, Location: 中国-福建-泉州, ISP: 联通, Date: None, Delay: 790 ms, Speed: 0.11 M/s, Resolution: 720x576
Name: 长白山电视台, URL: http://stream8.jlntv.cn/cbstv/sd/live.m3u8?zjild, IPv_Type: ipv4, Location: 中国-福建-泉州, ISP: 联通, Date: None, Delay: 3988 ms, Speed: 0.05 M/s, Resolution: 320x240
Name: 德惠综合, URL: http://stream11.jlntv.cn/dehuitv/sd/live.m3u8, IPv_Type: ipv4, Location: 中国-吉林-四平, ISP: 联通, Date: None, Delay: 3132 ms, Speed: 0.20 M/s, Resolution: 720x576
Name: 九台综合, URL: http://stream10.jlntv.cn/jiutaitv/sd/live.m3u8?zjild, IPv_Type: ipv4, Location: 中国-吉林-四平, ISP: 联通, Date: None, Delay: 2338 ms, Speed: 0.20 M/s, Resolution: 720x576
Name: 九台综合, URL: http://stream10.jlntv.cn/jiutaitv/sd/live.m3u8, IPv_Type: ipv4, Location: 中国-吉林-四平, ISP: 联通, Date: None, Delay: 4635 ms, Speed: 0.19 M/s, Resolution: 720x576
Name: 靖宇综合, URL: http://stream9.jlntv.cn:80/aac_jygb/playlist.m3u8, IPv_Type: ipv4, Location: 中国-贵州-六盘水, ISP: 联通, Date: None, Delay: 1194 ms, Speed: 0.05 M/s, Resolution: None
Name: 敦化一套, URL: http://stream8.jlntv.cn/dhtv/playlist.m3u8?zjild, IPv_Type: ipv4, Location: 中国-江苏-南京, ISP: 电信, Date: None, Delay: 1454 ms, Speed: 0.08 M/s, Resolution: 320x240
Name: 敦化一套, URL: http://stream8.jlntv.cn/dhtv/playlist.m3u8, IPv_Type: ipv4, Location: 中国-广东-深圳, ISP: 联通, Date: None, Delay: 2430 ms, Speed: 0.06 M/s, Resolution: 320x240
Name: 龙井综合, URL: http://stream9.jlntv.cn:80/aac_longjinggb/playlist.m3u8, IPv_Type: ipv4, Location: 中国-贵州-六盘水, ISP: 联通, Date: None, Delay: 2472 ms, Speed: 0.02 M/s, Resolution: None
Name: 梅河口综合, URL: http://stream3.jlntv.cn:80/aac_mhkgb/playlist.m3u8, IPv_Type: ipv4, Location: 中国-青海, ISP: 联通, Date: None, Delay: 605 ms, Speed: 0.07 M/s, Resolution: None
Name: 桦甸综合, URL: http://stream9.jlntv.cn:80/aac_huadiangb/playlist.m3u8, IPv_Type: ipv4, Location: 中国-贵州-六盘水, ISP: 联通, Date: None, Delay: 1563 ms, Speed: 0.05 M/s, Resolution: None
Name: 磐石综合, URL: http://stream3.jlntv.cn:80/aac_psgb/sd/live.m3u8, IPv_Type: ipv4, Location: 中国-青海, ISP: 联通, Date: None, Delay: 1334 ms, Speed: 0.04 M/s, Resolution: None
Name: 舒兰新闻综合, URL: http://stream8.jlntv.cn/shulan/sd/live.m3u8?zjild, IPv_Type: ipv4, Location: 中国-广东-深圳, ISP: 联通, Date: None, Delay: 1666 ms, Speed: 0.21 M/s, Resolution: 320x240
Name: 舒兰新闻综合, URL: http://stream8.jlntv.cn/shulan/sd/live.m3u8?_upt=332db6421699196585, IPv_Type: ipv4, Location: 中国-广东-深圳, ISP: 联通, Date: None, Delay: 2289 ms, Speed: 0.17 M/s, Resolution: 320x240
Name: 双辽综合, URL: http://stream3.jlntv.cn:80/aac_slgb/playlist.m3u8, IPv_Type: ipv4, Location: 中国-青海, ISP: 联通, Date: None, Delay: 2583 ms, Speed: 0.03 M/s, Resolution: None
Name: 辉南新闻综合, URL: http://stream5.jlntv.cn/hn/sd/live.m3u8, IPv_Type: ipv4, Location: 中国-福建-泉州, ISP: 联通, Date: None, Delay: 1469 ms, Speed: 0.33 M/s, Resolution: 720x576
Name: 辉南新闻综合, URL: http://stream5.jlntv.cn/hn/sd/live.m3u8?zjild, IPv_Type: ipv4, Location: 中国-福建-泉州, ISP: 联通, Date: None, Delay: 2967 ms, Speed: 0.20 M/s, Resolution: 720x576
Name: 柳河综合, URL: http://stream3.jlntv.cn:80/aac_lhgb/sd/live.m3u8, IPv_Type: ipv4, Location: 中国-青海, ISP: 联通, Date: None, Delay: 2236 ms, Speed: 0.03 M/s, Resolution: None
Name: 通化县综合, URL: http://stream3.jlntv.cn:80/aac_thxgb/playlist.m3u8, IPv_Type: ipv4, Location: 中国-青海, ISP: 联通, Date: None, Delay: 1521 ms, Speed: 0.03 M/s, Resolution: None
Name: 汪清综合, URL: http://stream5.jlntv.cn/wq/sd/live.m3u8, IPv_Type: ipv4, Location: 中国-福建-泉州, ISP: 联通, Date: None, Delay: 1664 ms, Speed: 0.07 M/s, Resolution: 720x576
Name: 汪清综合, URL: http://stream5.jlntv.cn/wq/sd/live.m3u8?zjild, IPv_Type: ipv4, Location: 中国-福建-泉州, ISP: 联通, Date: None, Delay: 2850 ms, Speed: 0.05 M/s, Resolution: 720x576
Name: 易门综合, URL: https://zb-live.ynurl.com/yimen/3b75a2f9-7941-46b7-992d-a9796fbca5fe.m3u8, IPv_Type: ipv4, Location: 中国-广东-深圳, ISP: 腾讯云, Date: None, Delay: 2764 ms, Speed: 0.12 M/s, Resolution: 1920x1080
Name: 通海电视台, URL: https://zb-live.ynurl.com/tonghai/3bfe3a9e-48e6-4c1e-8770-1df66447cc6c.m3u8, IPv_Type: ipv4, Location: 中国-广东-深圳, ISP: 腾讯云, Date: None, Delay: 3719 ms, Speed: 2.00 M/s, Resolution: 1920x1080
Name: 云南都市, URL: https://hwapi.yntv.net/62hdvf/rjwt14.m3u8, IPv_Type: ipv4, Location: 中国-浙江-嘉兴, ISP: 电信, Date: None, Delay: 2826 ms, Speed: 0.23 M/s, Resolution: 1280x720
Name: 云南娱乐, URL: https://hwapi.yntv.net/62hdvf/q9vs1b.m3u8, IPv_Type: ipv4, Location: 中国-浙江-嘉兴, ISP: 电信, Date: None, Delay: 2973 ms, Speed: 0.27 M/s, Resolution: 1280x720
Name: 哈尔滨影视, URL: http://stream.hrbtv.net/yspd/sd/live.m3u8?zheild, IPv_Type: ipv4, Location: 中国-黑龙江-哈尔滨, ISP: 联通, Date: None, Delay: 7919 ms, Speed: 0.07 M/s, Resolution: None
Name: 哈尔滨资讯, URL: http://stream.hrbtv.net/zxpd/sd/live.m3u8, IPv_Type: ipv4, Location: 中国-黑龙江-哈尔滨, ISP: 联通, Date: None, Delay: 1414 ms, Speed: 0.02 M/s, Resolution: None
Name: 哈尔滨生活, URL: http://stream.hrbtv.net/shpd/sd/live.m3u8, IPv_Type: ipv4, Location: 中国-黑龙江-哈尔滨, ISP: 联通, Date: None, Delay: 8437 ms, Speed: 0.08 M/s, Resolution: None
Name: 哈尔滨娱乐, URL: http://stream.hrbtv.net/ylpd/sd/live.m3u8, IPv_Type: ipv4, Location: 中国-黑龙江-哈尔滨, ISP: 联通, Date: None, Delay: 884 ms, Speed: 0.03 M/s, Resolution: None
Name: 哈尔滨娱乐, URL: http://stream.hrbtv.net/ylpd/sd/live.m3u8?zheild, IPv_Type: ipv4, Location: 中国-黑龙江-哈尔滨, ISP: 联通, Date: None, Delay: 565 ms, Speed: 0.00 M/s, Resolution: None
Name: 七台河新闻综合, URL: http://live.qthnews.org.cn:1935/live/live1/800k/tzwj_video.m3u8, IPv_Type: ipv4, Location: 中国-黑龙江-哈尔滨, ISP: 联通, Date: None, Delay: 5471 ms, Speed: 0.26 M/s, Resolution: 1280x720
Name: 甘南县综合, URL: rtmp://masterpull.hljtv.com/live/YbFyF4Jb, IPv_Type: ipv4, Location: 中国-黑龙江, ISP: 移动, Date: None, Delay: 5159 ms, Speed: 0.00 M/s, Resolution: None
Name: 双鸭山综合, URL: rtmp://masterpull.hljtv.com/live/BowdCSzZ, IPv_Type: ipv4, Location: 中国-黑龙江, ISP: 移动, Date: None, Delay: 5138 ms, Speed: 0.00 M/s, Resolution: None
Name: 纬来育乐, URL: rtmp://9hv9.mine.nu/sat/tv701, IPv_Type: ipv4, Location: 中国-台湾, ISP: 中华电信(HiNet)数据中心, Date: None, Delay: -1 ms, Speed: inf M/s, Resolution: 1280x720
Name: 纬来育乐, URL: rtmp://60.248.77.83/sat/tv701, IPv_Type: ipv4, Location: 中国-台湾, ISP: 中华电信(HiNet)数据中心, Date: None, Delay: -1 ms, Speed: inf M/s, Resolution: 1280x720
Name: 纬来育乐, URL: rtmp://f13h.mine.nu/sat/tv701, IPv_Type: ipv4, Location: 中国-台湾-台中市, ISP: 中华电信, Date: None, Delay: -1 ms, Speed: inf M/s, Resolution: 1280x720
Name: 纬来育乐, URL: rtmp://116.93.98.236/sat/tv701.flv, IPv_Type: ipv4, Location: 菲律宾, ISP: , Date: None, Delay: 5057 ms, Speed: 0.00 M/s, Resolution: None
Name: 靖天映画, URL: http://31.43.191.125:8080/vip6821768502490/6c17bae55394/34838, IPv_Type: ipv4, Location: 乌克兰, ISP: , Date: None, Delay: 380 ms, Speed: 7.28 M/s, Resolution: 1920x1080
Name: 天映经典, URL: http://free.cnlive.club/channel/n7e49c99a.m3u8, IPv_Type: ipv4, Location: 美国-内华达州-克拉克, ISP: BuyVM, Date: None, Delay: 1149 ms, Speed: 0.17 M/s, Resolution: 854x480
Name: 天映经典, URL: http://fbd48279.ott.oxtvs.com/ott/?q=9222549520c295e029ec6ff9d9f66695&id=4921, IPv_Type: ipv4, Location: 美国-加利福尼亚州-洛杉矶, ISP: IT7网络, Date: None, Delay: 184 ms, Speed: 0.00 M/s, Resolution: 1280x720
Name: 龙祥电影, URL: http://free.cnlive.club/channel/67548a4f.m3u8, IPv_Type: ipv4, Location: 美国-内华达州-克拉克, ISP: BuyVM, Date: None, Delay: 859 ms, Speed: 0.23 M/s, Resolution: 1920x1080
Name: 东森洋片, URL: http://free.cnlive.club/channel/n7160b4.m3u8, IPv_Type: ipv4, Location: 美国-内华达州-克拉克, ISP: BuyVM, Date: None, Delay: 866 ms, Speed: 0.23 M/s, Resolution: 1280x720
Name: 天津体育, URL: http://38.75.136.137:98/gslb/dsdqpub/tjtv5.m3u8?auth=testpub, IPv_Type: ipv4, Location: 美国-哥伦比亚特区-哥伦比亚特区, ISP: Cogent, Date: None, Delay: 473 ms, Speed: 4.98 M/s, Resolution: 1280x720
Name: 天津体育, URL: http://ak.cj022.com:10080/hls/6/index.m3u8, IPv_Type: ipv4, Location: 中国-天津-天津, ISP: 联通, Date: None, Delay: 10859 ms, Speed: 0.30 M/s, Resolution: 1920x1080
Name: 少儿动画, URL: rtsp://118.212.169.207:554/PLTV/88888888/224/3221227318/10000100000000060000000001945936_0.smil, IPv_Type: ipv4, Location: 中国-江西, ISP: 联通, Date: None, Delay: 10007 ms, Speed: 0.00 M/s, Resolution: None
Name: 少儿动画, URL: rtsp://115.153.245.70/PLTV/88888888/224/3221227006/86440922.smil, IPv_Type: ipv4, Location: 中国-江西-宜春, ISP: 电信, Date: None, Delay: 10007 ms, Speed: 0.00 M/s, Resolution: None
Name: 少儿动画, URL: rtsp://115.153.254.81/PLTV/88888888/224/3221227006/86440922.smil, IPv_Type: ipv4, Location: 中国-江西-宜春, ISP: 电信, Date: None, Delay: 10006 ms, Speed: 0.00 M/s, Resolution: None
Name: 少儿动画, URL: rtsp://115.153.240.228:554/PLTV/88888888/224/3221227006/86440922.smil, IPv_Type: ipv4, Location: 中国-江西-宜春, ISP: 电信, Date: None, Delay: 10006 ms, Speed: 0.00 M/s, Resolution: None
Name: 少儿动画, URL: rtsp://115.153.212.72/PLTV/88888888/224/3221227006/86440922.smil, IPv_Type: ipv4, Location: 中国-江西-宜春, ISP: 电信, Date: None, Delay: 10007 ms, Speed: 0.00 M/s, Resolution: None
Name: 少儿动画, URL: rtsp://115.153.247.80/PLTV/88888888/224/3221227006/86440922.smil, IPv_Type: ipv4, Location: 中国-江西-宜春, ISP: 电信, Date: None, Delay: 10005 ms, Speed: 0.00 M/s, Resolution: None
Name: 少儿动画, URL: rtsp://115.153.230.145/PLTV/88888888/224/3221227006/86440922.smil, IPv_Type: ipv4, Location: 中国-江西-宜春, ISP: 电信, Date: None, Delay: 10004 ms, Speed: 0.00 M/s, Resolution: None
Name: 少儿动画, URL: rtsp://115.153.222.112:554/PLTV/88888888/224/3221227006/86440922.smil, IPv_Type: ipv4, Location: 中国-江西-宜春, ISP: 电信, Date: None, Delay: 10004 ms, Speed: 0.00 M/s, Resolution: None
Name: 少儿动画, URL: rtsp://115.153.233.154/PLTV/88888888/224/3221227006/86440922.smil, IPv_Type: ipv4, Location: 中国-江西-宜春, ISP: 电信, Date: None, Delay: 10004 ms, Speed: 0.00 M/s, Resolution: None
Name: 新动漫, URL: http://dassby.qqff.top:99/live/新动漫/index.m3u8, IPv_Type: ipv4, Location: 中国-辽宁-鞍山, ISP: 联通, Date: None, Delay: 10084 ms, Speed: 0.02 M/s, Resolution: 1920x1080
Name: 新动漫, URL: rtsp://115.153.245.70/PLTV/88888888/224/3221226973/86129004.smil, IPv_Type: ipv4, Location: 中国-江西-宜春, ISP: 电信, Date: None, Delay: 10005 ms, Speed: 0.00 M/s, Resolution: None
Name: 新动漫, URL: rtsp://115.153.254.81/PLTV/88888888/224/3221226973/86129004.smil, IPv_Type: ipv4, Location: 中国-江西-宜春, ISP: 电信, Date: None, Delay: 10005 ms, Speed: 0.00 M/s, Resolution: None
Name: 新动漫, URL: rtsp://115.153.240.228:554/PLTV/88888888/224/3221226973/86129004.smil, IPv_Type: ipv4, Location: 中国-江西-宜春, ISP: 电信, Date: None, Delay: 10005 ms, Speed: 0.00 M/s, Resolution: None
Name: 新动漫, URL: rtsp://115.153.212.72/PLTV/88888888/224/3221226973/86129004.smil, IPv_Type: ipv4, Location: 中国-江西-宜春, ISP: 电信, Date: None, Delay: 10005 ms, Speed: 0.00 M/s, Resolution: None
Name: 新动漫, URL: rtsp://115.153.230.145/PLTV/88888888/224/3221226973/86129004.smil, IPv_Type: ipv4, Location: 中国-江西-宜春, ISP: 电信, Date: None, Delay: 10004 ms, Speed: 0.00 M/s, Resolution: None
Name: 新动漫, URL: rtsp://115.153.247.80/PLTV/88888888/224/3221226973/86129004.smil, IPv_Type: ipv4, Location: 中国-江西-宜春, ISP: 电信, Date: None, Delay: 10005 ms, Speed: 0.00 M/s, Resolution: None
Name: 新动漫, URL: rtsp://115.153.222.112:554/PLTV/88888888/224/3221226973/86129004.smil, IPv_Type: ipv4, Location: 中国-江西-宜春, ISP: 电信, Date: None, Delay: 10004 ms, Speed: 0.00 M/s, Resolution: None
Name: 新动漫, URL: rtsp://115.153.233.154/PLTV/88888888/224/3221226973/86129004.smil, IPv_Type: ipv4, Location: 中国-江西-宜春, ISP: 电信, Date: None, Delay: 10005 ms, Speed: 0.00 M/s, Resolution: None
Name: 金鹰卡通, URL: http://222.136.68.235:9901/tsfile/live/1104_1.m3u8?key=txiptv&playlive=1&authid=0, IPv_Type: ipv4, Location: 中国-河南-濮阳, ISP: 联通, Date: None, Delay: 10437 ms, Speed: 0.00 M/s, Resolution: None
Name: 火影忍者, URL: https://hd.ijycnd.com/play/Yer3NWLa/index.m3u8, IPv_Type: ipv4, Location: 中国-湖南-长沙, ISP: 湖南有线电视网络(集团)股份有限公司广东联通节点, Date: None, Delay: 10806 ms, Speed: 0.32 M/s, Resolution: 1920x1032
Name: 音乐现场, URL: http://satellitepull.cnr.cn/live/wx32nmgyygb/playlist.m3u8, IPv_Type: ipv4, Location: 美国-加利福尼亚州-洛杉矶, ISP: 网宿科技CDN节点, Date: None, Delay: 18 ms, Speed: 5.67 M/s, Resolution: None
Name: 音乐现场, URL: https://satellitepull.cnr.cn/live/wx32nmgyygb/playlist.m3u8, IPv_Type: ipv4, Location: 美国-加利福尼亚州-洛杉矶, ISP: 网宿科技CDN节点, Date: None, Delay: 25 ms, Speed: 4.36 M/s, Resolution: None
Name: 潮流音乐, URL: http://play-radio-stream3.hndt.com/now/Or5au0KN/playlist.m3u8, IPv_Type: ipv4, Location: 美国-伊利诺伊州-库克, ISP: 网宿CDN节点, Date: None, Delay: 5541 ms, Speed: 0.14 M/s, Resolution: None
Name: 西游记, URL: https://txmov2.a.kwimgs.com/bs3/video-hls/5239093806671579134_hlsb.m3u8, IPv_Type: ipv4, Location: 美国-加利福尼亚州-圣克拉拉, ISP: 腾讯云, Date: None, Delay: 499 ms, Speed: 6.96 M/s, Resolution: 704x534
